// Jest Snapshot v1, https://goo.gl/fbAQLP

exports[`CreateButton renders correctly 1`] = `
<a
  aria-current={null}
  className="CreateButton__StyledNavLink-sc-4mhuep-0 dwLVYW"
  href="/create"
  onClick={[Function]}
>
  <button
    className="CreateButton__Button-sc-4mhuep-1 bGbYpS"
  >
    Create new review
  </button>
</a>
`;
