// Jest Snapshot v1, https://goo.gl/fbAQLP

exports[`Filter renders correctly 1`] = `
<div
  className="Filter__FilterBarWrapper-sc-1lxxwpc-2 gzzGsf"
>
  <div
    className="Filter__FilterBar-sc-1lxxwpc-0 NElOz"
    data-cy="filterbar"
  >
    <button
      className="Filter__FilterButton-sc-1lxxwpc-1 kXHlYl"
      onClick={[Function]}
    >
      Show all
    </button>
    <button
      className="Filter__FilterButton-sc-1lxxwpc-1 kXHlYl"
      onClick={[Function]}
    >
      Book
    </button>
    <button
      className="Filter__FilterButton-sc-1lxxwpc-1 kXHlYl"
      onClick={[Function]}
    >
      Audiobook
    </button>
    <button
      className="Filter__FilterButton-sc-1lxxwpc-1 kXHlYl"
      onClick={[Function]}
    >
      Podcast
    </button>
    <button
      className="Filter__FilterButton-sc-1lxxwpc-1 kXHlYl"
      onClick={[Function]}
    >
      Film
    </button>
    <button
      className="Filter__FilterButton-sc-1lxxwpc-1 kXHlYl"
      onClick={[Function]}
    >
      Series
    </button>
  </div>
</div>
`;
