// Jest Snapshot v1, https://goo.gl/fbAQLP

exports[`Filter renders correctly 1`] = `
<div
  className="Filter__FilterBar-sc-1lxxwpc-0 eklqMS"
  data-cy="filterbar"
>
  <button
    className="Filter__FilterButton-sc-1lxxwpc-1 iukrbX"
    onClick={[Function]}
  >
    Show all
  </button>
  <button
    className="Filter__FilterButton-sc-1lxxwpc-1 iukrbX"
    onClick={[Function]}
  >
    Book
  </button>
  <button
    className="Filter__FilterButton-sc-1lxxwpc-1 iukrbX"
    onClick={[Function]}
  >
    Audiobook
  </button>
  <button
    className="Filter__FilterButton-sc-1lxxwpc-1 iukrbX"
    onClick={[Function]}
  >
    Podcast
  </button>
  <button
    className="Filter__FilterButton-sc-1lxxwpc-1 iukrbX"
    onClick={[Function]}
  >
    Film
  </button>
  <button
    className="Filter__FilterButton-sc-1lxxwpc-1 iukrbX"
    onClick={[Function]}
  >
    Series
  </button>
</div>
`;
