// Jest Snapshot v1, https://goo.gl/fbAQLP

exports[`Form renders correctly 1`] = `
<form
  className="Form__StyledForm-fle9al-0 dRwVIS"
  onSubmit={[Function]}
>
  <label
    className="Form__Label-fle9al-4 gpAWwO"
  >
    Title
    <input
      autoFocus={true}
      className="Form__Input-fle9al-1 bBpFHv"
      name="title"
    />
  </label>
  <label
    className="Form__Label-fle9al-4 gpAWwO"
  >
    Rating (1-100)
    <input
      className="Form__Input-fle9al-1 bBpFHv"
      name="rating"
    />
  </label>
  <label
    className="Form__Label-fle9al-4 gpAWwO"
  >
    Category
    <select
      className="Form__Select-fle9al-2 xnBUC"
      name="category"
    >
      <option
        value="Book"
      >
        Book
      </option>
      <option
        value="Audiobook"
      >
        Audiobook
      </option>
      <option
        value="Podcast"
      >
        Podcast
      </option>
      <option
        value="Film"
      >
        Film
      </option>
      <option
        value="Series"
      >
        Series
      </option>
    </select>
  </label>
  <label
    className="Form__Label-fle9al-4 gpAWwO"
  >
    Subcategory
    <input
      className="Form__Input-fle9al-1 bBpFHv"
      name="subcategory"
    />
  </label>
  <label
    className="Form__Label-fle9al-4 gpAWwO"
  >
    Summary
    <textarea
      className="Form__Textarea-fle9al-3 kybFjd"
      name="summary"
      rows="3"
    />
  </label>
  <label
    className="Form__Label-fle9al-4 gpAWwO"
  >
    Lessons
    <textarea
      className="Form__Textarea-fle9al-3 kybFjd"
      name="lessons"
      rows="3"
    />
  </label>
  <div
    className="Form__ButtonGroup-fle9al-5 illQde"
  >
    <a
      aria-current={null}
      href="/reviews"
      onClick={[Function]}
    >
      <button
        className="Form__ButtonReset-fle9al-7 chVlNf"
        onClick={[Function]}
        type="reset"
      >
        Cancel
      </button>
    </a>
    <button
      className="Form__ButtonSubmit-fle9al-8 FjpRv"
      type="submit"
    >
      Submit
    </button>
  </div>
</form>
`;
