// Jest Snapshot v1, https://goo.gl/fbAQLP

exports[`Reviews renders correctly 1`] = `
Array [
  <section
    className="Reviews__Review-ejni7u-0 ebDGLA"
  >
    <h2>
      Kangoroo Chronicles
    </h2>
    <p>
      Rating: 
      8.0
    </p>
    <h3>
      Book
    </h3>
    <h3>
      Fiction
    </h3>
    <h3>
      Summary: 
    </h3>
    <p>
      Living together with a communistic kangoroo
    </p>
    <h3>
      Lessons: 
    </h3>
    <p>
      Questioning existing structures we assume as irreversible
    </p>
  </section>,
  <section
    className="Reviews__Review-ejni7u-0 ebDGLA"
  >
    <h2>
      The 4-hour work week
    </h2>
    <p>
      Rating: 
      9.7
    </p>
    <h3>
      Book
    </h3>
    <h3>
      Non-fiction
    </h3>
    <h3>
      Summary: 
    </h3>
    <p>
      Guide to life your dreamlife
    </p>
    <h3>
      Lessons: 
    </h3>
    <p>
      Living more and working less
    </p>
  </section>,
]
`;
