// Jest Snapshot v1, https://goo.gl/fbAQLP

exports[`Review renders correctly 1`] = `
<section
  className="Review__StyledReview-ip4zvc-0 fzxjZU"
>
  <button
    className="Review__DeleteButton-ip4zvc-1 loySqP"
    onClick={[Function]}
    type="button"
  >
    x
  </button>
  <button
    className="Review__EditButton-ip4zvc-2 hXiVsC"
    onClick={[Function]}
    type="button"
  >
    Edit
  </button>
  <h2 />
  <p>
    Rating: 
  </p>
  <h3 />
  <h4 />
  <h3>
    Summary: 
  </h3>
  <p />
  <h3>
    Lessons: 
  </h3>
  <p />
</section>
`;
